Archive member included because of file (symbol)

c:/program files (x86)/atmel/avr tools/avr toolchain/bin/../lib/gcc/avr/4.4.3/avr25\libgcc.a(_udivmodhi4.o)
                              BlowerRamping.o (__udivmodhi4)
c:/program files (x86)/atmel/avr tools/avr toolchain/bin/../lib/gcc/avr/4.4.3/avr25\libgcc.a(_exit.o)
                              c:/program files (x86)/atmel/avr tools/avr toolchain/bin/../lib/gcc/avr/4.4.3/../../../../avr/lib/avr25/crttn84.o (exit)
c:/program files (x86)/atmel/avr tools/avr toolchain/bin/../lib/gcc/avr/4.4.3/avr25\libgcc.a(_copy_data.o)
                              BlowerRamping.o (__do_copy_data)
c:/program files (x86)/atmel/avr tools/avr toolchain/bin/../lib/gcc/avr/4.4.3/avr25\libgcc.a(_clear_bss.o)
                              BlowerRamping.o (__do_clear_bss)
c:/program files (x86)/atmel/avr tools/avr toolchain/bin/../lib/gcc/avr/4.4.3/avr25\libgcc.a(_muldi3.o)
                              BlowerRamping.o (__muldi3)
c:/program files (x86)/atmel/avr tools/avr toolchain/bin/../lib/gcc/avr/4.4.3/avr25\libgcc.a(_udivdi3.o)
                              BlowerRamping.o (__udivdi3)
c:/program files (x86)/atmel/avr tools/avr toolchain/bin/../lib/gcc/avr/4.4.3/avr25\libgcc.a(_mulsi3.o)
                              c:/program files (x86)/atmel/avr tools/avr toolchain/bin/../lib/gcc/avr/4.4.3/avr25\libgcc.a(_muldi3.o) (__mulsi3)
c:/program files (x86)/atmel/avr tools/avr toolchain/bin/../lib/gcc/avr/4.4.3/avr25\libgcc.a(_udivmodsi4.o)
                              c:/program files (x86)/atmel/avr tools/avr toolchain/bin/../lib/gcc/avr/4.4.3/avr25\libgcc.a(_udivdi3.o) (__udivmodsi4)
c:/program files (x86)/atmel/avr tools/avr toolchain/bin/../lib/gcc/avr/4.4.3/avr25\libgcc.a(_prologue.o)
                              c:/program files (x86)/atmel/avr tools/avr toolchain/bin/../lib/gcc/avr/4.4.3/avr25\libgcc.a(_muldi3.o) (__prologue_saves__)
c:/program files (x86)/atmel/avr tools/avr toolchain/bin/../lib/gcc/avr/4.4.3/avr25\libgcc.a(_epilogue.o)
                              c:/program files (x86)/atmel/avr tools/avr toolchain/bin/../lib/gcc/avr/4.4.3/avr25\libgcc.a(_muldi3.o) (__epilogue_restores__)
c:/program files (x86)/atmel/avr tools/avr toolchain/bin/../lib/gcc/avr/4.4.3/avr25\libgcc.a(_clz.o)
                              c:/program files (x86)/atmel/avr tools/avr toolchain/bin/../lib/gcc/avr/4.4.3/avr25\libgcc.a(_udivdi3.o) (__clz_tab)

Allocating common symbols
Common symbol       size              file

aRunningAverageBuffer
                    0x14              BlowerRamping.o
ucOldDebouncedState
                    0x1               BlowerRamping.o
ucDebouncedState    0x1               BlowerRamping.o
eRampingState       0x1               BlowerRamping.o
ucDebounceIndex     0x1               BlowerRamping.o
llIncrement         0x8               BlowerRamping.o
eMorseState         0x1               BlowerRamping.o
ucTargetSpeed       0x1               BlowerRamping.o
ucADCMeanValue      0x1               BlowerRamping.o
ucCurrentSpeed      0x1               BlowerRamping.o
ullRampingValue     0x8               BlowerRamping.o
aKeyState           0x5               BlowerRamping.o
ullRampingTargetValue
                    0x8               BlowerRamping.o
ucErrorCode         0x1               BlowerRamping.o

Memory Configuration

Name             Origin             Length             Attributes
text             0x00000000         0x00002000         xr
data             0x00800060         0x0000ffa0         rw !x
eeprom           0x00810000         0x00010000         rw !x
fuse             0x00820000         0x00000400         rw !x
lock             0x00830000         0x00000400         rw !x
signature        0x00840000         0x00000400         rw !x
*default*        0x00000000         0xffffffff

Linker script and memory map

LOAD c:/program files (x86)/atmel/avr tools/avr toolchain/bin/../lib/gcc/avr/4.4.3/../../../../avr/lib/avr25/crttn84.o
LOAD BlowerRamping.o
LOAD c:/program files (x86)/atmel/avr tools/avr toolchain/bin/../lib/gcc/avr/4.4.3/avr25\libgcc.a
LOAD c:/program files (x86)/atmel/avr tools/avr toolchain/bin/../lib/gcc/avr/4.4.3/../../../../avr/lib/avr25\libc.a
LOAD c:/program files (x86)/atmel/avr tools/avr toolchain/bin/../lib/gcc/avr/4.4.3/avr25\libgcc.a

.hash
 *(.hash)

.dynsym
 *(.dynsym)

.dynstr
 *(.dynstr)

.gnu.version
 *(.gnu.version)

.gnu.version_d
 *(.gnu.version_d)

.gnu.version_r
 *(.gnu.version_r)

.rel.init
 *(.rel.init)

.rela.init
 *(.rela.init)

.rel.text
 *(.rel.text)
 *(.rel.text.*)
 *(.rel.gnu.linkonce.t*)

.rela.text
 *(.rela.text)
 *(.rela.text.*)
 *(.rela.gnu.linkonce.t*)

.rel.fini
 *(.rel.fini)

.rela.fini
 *(.rela.fini)

.rel.rodata
 *(.rel.rodata)
 *(.rel.rodata.*)
 *(.rel.gnu.linkonce.r*)

.rela.rodata
 *(.rela.rodata)
 *(.rela.rodata.*)
 *(.rela.gnu.linkonce.r*)

.rel.data
 *(.rel.data)
 *(.rel.data.*)
 *(.rel.gnu.linkonce.d*)

.rela.data
 *(.rela.data)
 *(.rela.data.*)
 *(.rela.gnu.linkonce.d*)

.rel.ctors
 *(.rel.ctors)

.rela.ctors
 *(.rela.ctors)

.rel.dtors
 *(.rel.dtors)

.rela.dtors
 *(.rela.dtors)

.rel.got
 *(.rel.got)

.rela.got
 *(.rela.got)

.rel.bss
 *(.rel.bss)

.rela.bss
 *(.rela.bss)

.rel.plt
 *(.rel.plt)

.rela.plt
 *(.rela.plt)

.text           0x00000000     0x1ece
 *(.vectors)
 .vectors       0x00000000       0x22 c:/program files (x86)/atmel/avr tools/avr toolchain/bin/../lib/gcc/avr/4.4.3/../../../../avr/lib/avr25/crttn84.o
                0x00000000                __vector_default
                0x00000000                __vectors
 *(.vectors)
 *(.progmem.gcc*)
 *(.progmem*)
 .progmem.data  0x00000022       0x3a BlowerRamping.o
                0x00000022                aFWID
                0x0000005c                . = ALIGN (0x2)
                0x0000005c                __trampolines_start = .
 *(.trampolines)
 .trampolines   0x0000005c        0x0 linker stubs
 *(.trampolines*)
                0x0000005c                __trampolines_end = .
 *(.jumptables)
 *(.jumptables*)
 *(.lowtext)
 *(.lowtext*)
                0x0000005c                __ctors_start = .
 *(.ctors)
                0x0000005c                __ctors_end = .
                0x0000005c                __dtors_start = .
 *(.dtors)
                0x0000005c                __dtors_end = .
 SORT(*)(.ctors)
 SORT(*)(.dtors)
 *(.init0)
 .init0         0x0000005c        0x0 c:/program files (x86)/atmel/avr tools/avr toolchain/bin/../lib/gcc/avr/4.4.3/../../../../avr/lib/avr25/crttn84.o
                0x0000005c                __init
 *(.init0)
 *(.init1)
 *(.init1)
 *(.init2)
 .init2         0x0000005c        0xc c:/program files (x86)/atmel/avr tools/avr toolchain/bin/../lib/gcc/avr/4.4.3/../../../../avr/lib/avr25/crttn84.o
 *(.init2)
 *(.init3)
 *(.init3)
 *(.init4)
 .init4         0x00000068       0x16 c:/program files (x86)/atmel/avr tools/avr toolchain/bin/../lib/gcc/avr/4.4.3/avr25\libgcc.a(_copy_data.o)
                0x00000068                __do_copy_data
 .init4         0x0000007e       0x10 c:/program files (x86)/atmel/avr tools/avr toolchain/bin/../lib/gcc/avr/4.4.3/avr25\libgcc.a(_clear_bss.o)
                0x0000007e                __do_clear_bss
 *(.init4)
 *(.init5)
 *(.init5)
 *(.init6)
 *(.init6)
 *(.init7)
 *(.init7)
 *(.init8)
 *(.init8)
 *(.init9)
 .init9         0x0000008e        0x4 c:/program files (x86)/atmel/avr tools/avr toolchain/bin/../lib/gcc/avr/4.4.3/../../../../avr/lib/avr25/crttn84.o
 *(.init9)
 *(.text)
 .text          0x00000092        0x2 c:/program files (x86)/atmel/avr tools/avr toolchain/bin/../lib/gcc/avr/4.4.3/../../../../avr/lib/avr25/crttn84.o
                0x00000092                __vector_1
                0x00000092                __vector_12
                0x00000092                __bad_interrupt
                0x00000092                __vector_3
                0x00000092                __vector_11
                0x00000092                __vector_7
                0x00000092                __vector_5
                0x00000092                __vector_4
                0x00000092                __vector_9
                0x00000092                __vector_2
                0x00000092                __vector_15
                0x00000092                __vector_8
                0x00000092                __vector_14
                0x00000092                __vector_10
                0x00000092                __vector_16
 .text          0x00000094      0xe1e BlowerRamping.o
                0x00000094                InitHardware
                0x000000f8                InitTimer1CompareAInt
                0x0000012a                __vector_13
                0x000001d6                DebounceKeys
                0x000006b4                __vector_6
                0x00000d50                main
 .text          0x00000eb2        0x0 c:/program files (x86)/atmel/avr tools/avr toolchain/bin/../lib/gcc/avr/4.4.3/avr25\libgcc.a(_udivmodhi4.o)
 .text          0x00000eb2        0x0 c:/program files (x86)/atmel/avr tools/avr toolchain/bin/../lib/gcc/avr/4.4.3/avr25\libgcc.a(_exit.o)
 .text          0x00000eb2        0x0 c:/program files (x86)/atmel/avr tools/avr toolchain/bin/../lib/gcc/avr/4.4.3/avr25\libgcc.a(_copy_data.o)
 .text          0x00000eb2        0x0 c:/program files (x86)/atmel/avr tools/avr toolchain/bin/../lib/gcc/avr/4.4.3/avr25\libgcc.a(_clear_bss.o)
 .text          0x00000eb2      0x1f0 c:/program files (x86)/atmel/avr tools/avr toolchain/bin/../lib/gcc/avr/4.4.3/avr25\libgcc.a(_muldi3.o)
                0x00000eb2                __muldi3
 .text          0x000010a2      0xd1c c:/program files (x86)/atmel/avr tools/avr toolchain/bin/../lib/gcc/avr/4.4.3/avr25\libgcc.a(_udivdi3.o)
                0x000010a2                __udivdi3
 .text          0x00001dbe        0x0 c:/program files (x86)/atmel/avr tools/avr toolchain/bin/../lib/gcc/avr/4.4.3/avr25\libgcc.a(_mulsi3.o)
 .text          0x00001dbe        0x0 c:/program files (x86)/atmel/avr tools/avr toolchain/bin/../lib/gcc/avr/4.4.3/avr25\libgcc.a(_udivmodsi4.o)
 .text          0x00001dbe        0x0 c:/program files (x86)/atmel/avr tools/avr toolchain/bin/../lib/gcc/avr/4.4.3/avr25\libgcc.a(_prologue.o)
 .text          0x00001dbe        0x0 c:/program files (x86)/atmel/avr tools/avr toolchain/bin/../lib/gcc/avr/4.4.3/avr25\libgcc.a(_epilogue.o)
 .text          0x00001dbe        0x0 c:/program files (x86)/atmel/avr tools/avr toolchain/bin/../lib/gcc/avr/4.4.3/avr25\libgcc.a(_clz.o)
                0x00001dbe                . = ALIGN (0x2)
 *(.text.*)
 .text.libgcc   0x00001dbe       0x28 c:/program files (x86)/atmel/avr tools/avr toolchain/bin/../lib/gcc/avr/4.4.3/avr25\libgcc.a(_udivmodhi4.o)
                0x00001dbe                __udivmodhi4
 .text.libgcc   0x00001de6        0x0 c:/program files (x86)/atmel/avr tools/avr toolchain/bin/../lib/gcc/avr/4.4.3/avr25\libgcc.a(_exit.o)
 .text.libgcc   0x00001de6        0x0 c:/program files (x86)/atmel/avr tools/avr toolchain/bin/../lib/gcc/avr/4.4.3/avr25\libgcc.a(_copy_data.o)
 .text.libgcc   0x00001de6        0x0 c:/program files (x86)/atmel/avr tools/avr toolchain/bin/../lib/gcc/avr/4.4.3/avr25\libgcc.a(_clear_bss.o)
 .text.libgcc   0x00001de6       0x32 c:/program files (x86)/atmel/avr tools/avr toolchain/bin/../lib/gcc/avr/4.4.3/avr25\libgcc.a(_mulsi3.o)
                0x00001de6                __mulsi3
 .text.libgcc   0x00001e18       0x44 c:/program files (x86)/atmel/avr tools/avr toolchain/bin/../lib/gcc/avr/4.4.3/avr25\libgcc.a(_udivmodsi4.o)
                0x00001e18                __udivmodsi4
 .text.libgcc   0x00001e5c       0x38 c:/program files (x86)/atmel/avr tools/avr toolchain/bin/../lib/gcc/avr/4.4.3/avr25\libgcc.a(_prologue.o)
                0x00001e5c                __prologue_saves__
 .text.libgcc   0x00001e94       0x36 c:/program files (x86)/atmel/avr tools/avr toolchain/bin/../lib/gcc/avr/4.4.3/avr25\libgcc.a(_epilogue.o)
                0x00001e94                __epilogue_restores__
                0x00001eca                . = ALIGN (0x2)
 *(.fini9)
 .fini9         0x00001eca        0x0 c:/program files (x86)/atmel/avr tools/avr toolchain/bin/../lib/gcc/avr/4.4.3/avr25\libgcc.a(_exit.o)
                0x00001eca                _exit
                0x00001eca                exit
 *(.fini9)
 *(.fini8)
 *(.fini8)
 *(.fini7)
 *(.fini7)
 *(.fini6)
 *(.fini6)
 *(.fini5)
 *(.fini5)
 *(.fini4)
 *(.fini4)
 *(.fini3)
 *(.fini3)
 *(.fini2)
 *(.fini2)
 *(.fini1)
 *(.fini1)
 *(.fini0)
 .fini0         0x00001eca        0x4 c:/program files (x86)/atmel/avr tools/avr toolchain/bin/../lib/gcc/avr/4.4.3/avr25\libgcc.a(_exit.o)
 *(.fini0)
                0x00001ece                _etext = .

.data           0x00800060      0x104 load address 0x00001ece
                0x00800060                PROVIDE (__data_start, .)
 *(.data)
 .data          0x00800060        0x0 c:/program files (x86)/atmel/avr tools/avr toolchain/bin/../lib/gcc/avr/4.4.3/../../../../avr/lib/avr25/crttn84.o
 .data          0x00800060        0x4 BlowerRamping.o
 .data          0x00800064        0x0 c:/program files (x86)/atmel/avr tools/avr toolchain/bin/../lib/gcc/avr/4.4.3/avr25\libgcc.a(_udivmodhi4.o)
 .data          0x00800064        0x0 c:/program files (x86)/atmel/avr tools/avr toolchain/bin/../lib/gcc/avr/4.4.3/avr25\libgcc.a(_exit.o)
 .data          0x00800064        0x0 c:/program files (x86)/atmel/avr tools/avr toolchain/bin/../lib/gcc/avr/4.4.3/avr25\libgcc.a(_copy_data.o)
 .data          0x00800064        0x0 c:/program files (x86)/atmel/avr tools/avr toolchain/bin/../lib/gcc/avr/4.4.3/avr25\libgcc.a(_clear_bss.o)
 .data          0x00800064        0x0 c:/program files (x86)/atmel/avr tools/avr toolchain/bin/../lib/gcc/avr/4.4.3/avr25\libgcc.a(_muldi3.o)
 .data          0x00800064        0x0 c:/program files (x86)/atmel/avr tools/avr toolchain/bin/../lib/gcc/avr/4.4.3/avr25\libgcc.a(_udivdi3.o)
 .data          0x00800064        0x0 c:/program files (x86)/atmel/avr tools/avr toolchain/bin/../lib/gcc/avr/4.4.3/avr25\libgcc.a(_mulsi3.o)
 .data          0x00800064        0x0 c:/program files (x86)/atmel/avr tools/avr toolchain/bin/../lib/gcc/avr/4.4.3/avr25\libgcc.a(_udivmodsi4.o)
 .data          0x00800064        0x0 c:/program files (x86)/atmel/avr tools/avr toolchain/bin/../lib/gcc/avr/4.4.3/avr25\libgcc.a(_prologue.o)
 .data          0x00800064        0x0 c:/program files (x86)/atmel/avr tools/avr toolchain/bin/../lib/gcc/avr/4.4.3/avr25\libgcc.a(_epilogue.o)
 .data          0x00800064      0x100 c:/program files (x86)/atmel/avr tools/avr toolchain/bin/../lib/gcc/avr/4.4.3/avr25\libgcc.a(_clz.o)
                0x00800064                __clz_tab
 *(.data*)
 *(.rodata)
 *(.rodata*)
 *(.gnu.linkonce.d*)
                0x00800164                . = ALIGN (0x2)
                0x00800164                _edata = .
                0x00800164                PROVIDE (__data_end, .)

.bss            0x00800164       0x3b
                0x00800164                PROVIDE (__bss_start, .)
 *(.bss)
 .bss           0x00800164        0x0 c:/program files (x86)/atmel/avr tools/avr toolchain/bin/../lib/gcc/avr/4.4.3/../../../../avr/lib/avr25/crttn84.o
 .bss           0x00800164        0x1 BlowerRamping.o
 .bss           0x00800165        0x0 c:/program files (x86)/atmel/avr tools/avr toolchain/bin/../lib/gcc/avr/4.4.3/avr25\libgcc.a(_udivmodhi4.o)
 .bss           0x00800165        0x0 c:/program files (x86)/atmel/avr tools/avr toolchain/bin/../lib/gcc/avr/4.4.3/avr25\libgcc.a(_exit.o)
 .bss           0x00800165        0x0 c:/program files (x86)/atmel/avr tools/avr toolchain/bin/../lib/gcc/avr/4.4.3/avr25\libgcc.a(_copy_data.o)
 .bss           0x00800165        0x0 c:/program files (x86)/atmel/avr tools/avr toolchain/bin/../lib/gcc/avr/4.4.3/avr25\libgcc.a(_clear_bss.o)
 .bss           0x00800165        0x0 c:/program files (x86)/atmel/avr tools/avr toolchain/bin/../lib/gcc/avr/4.4.3/avr25\libgcc.a(_muldi3.o)
 .bss           0x00800165        0x0 c:/program files (x86)/atmel/avr tools/avr toolchain/bin/../lib/gcc/avr/4.4.3/avr25\libgcc.a(_udivdi3.o)
 .bss           0x00800165        0x0 c:/program files (x86)/atmel/avr tools/avr toolchain/bin/../lib/gcc/avr/4.4.3/avr25\libgcc.a(_mulsi3.o)
 .bss           0x00800165        0x0 c:/program files (x86)/atmel/avr tools/avr toolchain/bin/../lib/gcc/avr/4.4.3/avr25\libgcc.a(_udivmodsi4.o)
 .bss           0x00800165        0x0 c:/program files (x86)/atmel/avr tools/avr toolchain/bin/../lib/gcc/avr/4.4.3/avr25\libgcc.a(_prologue.o)
 .bss           0x00800165        0x0 c:/program files (x86)/atmel/avr tools/avr toolchain/bin/../lib/gcc/avr/4.4.3/avr25\libgcc.a(_epilogue.o)
 .bss           0x00800165        0x0 c:/program files (x86)/atmel/avr tools/avr toolchain/bin/../lib/gcc/avr/4.4.3/avr25\libgcc.a(_clz.o)
 *(.bss*)
 *(COMMON)
 COMMON         0x00800165       0x3a BlowerRamping.o
                0x00800165                aRunningAverageBuffer
                0x00800179                ucOldDebouncedState
                0x0080017a                ucDebouncedState
                0x0080017b                eRampingState
                0x0080017c                ucDebounceIndex
                0x0080017d                llIncrement
                0x00800185                eMorseState
                0x00800186                ucTargetSpeed
                0x00800187                ucADCMeanValue
                0x00800188                ucCurrentSpeed
                0x00800189                ullRampingValue
                0x00800191                aKeyState
                0x00800196                ullRampingTargetValue
                0x0080019e                ucErrorCode
                0x0080019f                PROVIDE (__bss_end, .)
                0x00001ece                __data_load_start = LOADADDR (.data)
                0x00001fd2                __data_load_end = (__data_load_start + SIZEOF (.data))

.noinit         0x0080019f        0x0
                0x0080019f                PROVIDE (__noinit_start, .)
 *(.noinit*)
                0x0080019f                PROVIDE (__noinit_end, .)
                0x0080019f                _end = .
                0x0080019f                PROVIDE (__heap_start, .)

.eeprom         0x00810000        0x0
 *(.eeprom*)
                0x00810000                __eeprom_end = .

.fuse
 *(.fuse)
 *(.lfuse)
 *(.hfuse)
 *(.efuse)

.lock
 *(.lock*)

.signature
 *(.signature*)

.stab           0x00000000      0x6cc
 *(.stab)
 .stab          0x00000000      0x6cc c:/program files (x86)/atmel/avr tools/avr toolchain/bin/../lib/gcc/avr/4.4.3/../../../../avr/lib/avr25/crttn84.o

.stabstr        0x00000000       0x85
 *(.stabstr)
 .stabstr       0x00000000       0x85 c:/program files (x86)/atmel/avr tools/avr toolchain/bin/../lib/gcc/avr/4.4.3/../../../../avr/lib/avr25/crttn84.o

.stab.excl
 *(.stab.excl)

.stab.exclstr
 *(.stab.exclstr)

.stab.index
 *(.stab.index)

.stab.indexstr
 *(.stab.indexstr)

.comment
 *(.comment)

.debug
 *(.debug)

.line
 *(.line)

.debug_srcinfo
 *(.debug_srcinfo)

.debug_sfnames
 *(.debug_sfnames)

.debug_aranges  0x00000000       0x60
 *(.debug_aranges)
 .debug_aranges
                0x00000000       0x20 BlowerRamping.o
 .debug_aranges
                0x00000020       0x20 c:/program files (x86)/atmel/avr tools/avr toolchain/bin/../lib/gcc/avr/4.4.3/avr25\libgcc.a(_muldi3.o)
 .debug_aranges
                0x00000040       0x20 c:/program files (x86)/atmel/avr tools/avr toolchain/bin/../lib/gcc/avr/4.4.3/avr25\libgcc.a(_udivdi3.o)

.debug_pubnames
                0x00000000      0x1f0
 *(.debug_pubnames)
 .debug_pubnames
                0x00000000      0x191 BlowerRamping.o
 .debug_pubnames
                0x00000191       0x1f c:/program files (x86)/atmel/avr tools/avr toolchain/bin/../lib/gcc/avr/4.4.3/avr25\libgcc.a(_muldi3.o)
 .debug_pubnames
                0x000001b0       0x20 c:/program files (x86)/atmel/avr tools/avr toolchain/bin/../lib/gcc/avr/4.4.3/avr25\libgcc.a(_udivdi3.o)
 .debug_pubnames
                0x000001d0       0x20 c:/program files (x86)/atmel/avr tools/avr toolchain/bin/../lib/gcc/avr/4.4.3/avr25\libgcc.a(_clz.o)

.debug_info     0x00000000      0xd62
 *(.debug_info)
 .debug_info    0x00000000      0x3c4 BlowerRamping.o
 .debug_info    0x000003c4      0x1f0 c:/program files (x86)/atmel/avr tools/avr toolchain/bin/../lib/gcc/avr/4.4.3/avr25\libgcc.a(_muldi3.o)
 .debug_info    0x000005b4      0x705 c:/program files (x86)/atmel/avr tools/avr toolchain/bin/../lib/gcc/avr/4.4.3/avr25\libgcc.a(_udivdi3.o)
 .debug_info    0x00000cb9       0xa9 c:/program files (x86)/atmel/avr tools/avr toolchain/bin/../lib/gcc/avr/4.4.3/avr25\libgcc.a(_clz.o)
 *(.gnu.linkonce.wi.*)

.debug_abbrev   0x00000000      0x43a
 *(.debug_abbrev)
 .debug_abbrev  0x00000000      0x152 BlowerRamping.o
 .debug_abbrev  0x00000152       0xfd c:/program files (x86)/atmel/avr tools/avr toolchain/bin/../lib/gcc/avr/4.4.3/avr25\libgcc.a(_muldi3.o)
 .debug_abbrev  0x0000024f      0x181 c:/program files (x86)/atmel/avr tools/avr toolchain/bin/../lib/gcc/avr/4.4.3/avr25\libgcc.a(_udivdi3.o)
 .debug_abbrev  0x000003d0       0x6a c:/program files (x86)/atmel/avr tools/avr toolchain/bin/../lib/gcc/avr/4.4.3/avr25\libgcc.a(_clz.o)

.debug_line     0x00000000      0x9e9
 *(.debug_line)
 .debug_line    0x00000000      0x680 BlowerRamping.o
 .debug_line    0x00000680       0xd1 c:/program files (x86)/atmel/avr tools/avr toolchain/bin/../lib/gcc/avr/4.4.3/avr25\libgcc.a(_muldi3.o)
 .debug_line    0x00000751      0x1fa c:/program files (x86)/atmel/avr tools/avr toolchain/bin/../lib/gcc/avr/4.4.3/avr25\libgcc.a(_udivdi3.o)
 .debug_line    0x0000094b       0x9e c:/program files (x86)/atmel/avr tools/avr toolchain/bin/../lib/gcc/avr/4.4.3/avr25\libgcc.a(_clz.o)

.debug_frame    0x00000000       0xb0
 *(.debug_frame)
 .debug_frame   0x00000000       0x70 BlowerRamping.o
 .debug_frame   0x00000070       0x20 c:/program files (x86)/atmel/avr tools/avr toolchain/bin/../lib/gcc/avr/4.4.3/avr25\libgcc.a(_muldi3.o)
 .debug_frame   0x00000090       0x20 c:/program files (x86)/atmel/avr tools/avr toolchain/bin/../lib/gcc/avr/4.4.3/avr25\libgcc.a(_udivdi3.o)

.debug_str      0x00000000      0x424
 *(.debug_str)
 .debug_str     0x00000000      0x2c5 BlowerRamping.o
                                0x310 (size before relaxing)
 .debug_str     0x000002c5      0x10b c:/program files (x86)/atmel/avr tools/avr toolchain/bin/../lib/gcc/avr/4.4.3/avr25\libgcc.a(_muldi3.o)
                                0x197 (size before relaxing)
 .debug_str     0x000003d0       0x54 c:/program files (x86)/atmel/avr tools/avr toolchain/bin/../lib/gcc/avr/4.4.3/avr25\libgcc.a(_udivdi3.o)
                                0x1e2 (size before relaxing)
 .debug_str     0x00000000      0x14c c:/program files (x86)/atmel/avr tools/avr toolchain/bin/../lib/gcc/avr/4.4.3/avr25\libgcc.a(_clz.o)

.debug_loc      0x00000000      0xcb6
 *(.debug_loc)
 .debug_loc     0x00000000       0xa2 BlowerRamping.o
 .debug_loc     0x000000a2      0x100 c:/program files (x86)/atmel/avr tools/avr toolchain/bin/../lib/gcc/avr/4.4.3/avr25\libgcc.a(_muldi3.o)
 .debug_loc     0x000001a2      0xb14 c:/program files (x86)/atmel/avr tools/avr toolchain/bin/../lib/gcc/avr/4.4.3/avr25\libgcc.a(_udivdi3.o)

.debug_macinfo
 *(.debug_macinfo)
OUTPUT(BlowerRamping.elf elf32-avr)
LOAD linker stubs

.debug_ranges   0x00000000       0x18
 .debug_ranges  0x00000000       0x18 c:/program files (x86)/atmel/avr tools/avr toolchain/bin/../lib/gcc/avr/4.4.3/avr25\libgcc.a(_udivdi3.o)
