Archive member included because of file (symbol)

c:/programme/winavr-20090313/bin/../lib/gcc/avr/4.3.2/avr25\libgcc.a(_udivmodhi4.o)
                              BlowerRamping.o (__udivmodhi4)
c:/programme/winavr-20090313/bin/../lib/gcc/avr/4.3.2/avr25\libgcc.a(_exit.o)
                              c:/programme/winavr-20090313/bin/../lib/gcc/avr/4.3.2/../../../../avr/lib/avr25/crttn84.o (exit)
c:/programme/winavr-20090313/bin/../lib/gcc/avr/4.3.2/avr25\libgcc.a(_copy_data.o)
                              BlowerRamping.o (__do_copy_data)
c:/programme/winavr-20090313/bin/../lib/gcc/avr/4.3.2/avr25\libgcc.a(_clear_bss.o)
                              BlowerRamping.o (__do_clear_bss)

Allocating common symbols
Common symbol       size              file

aRunningAverageBuffer
                    0x14              BlowerRamping.o
ucADCMeanValue      0x1               BlowerRamping.o

Memory Configuration

Name             Origin             Length             Attributes
text             0x00000000         0x00002000         xr
data             0x00800060         0x0000ffa0         rw !x
eeprom           0x00810000         0x00010000         rw !x
fuse             0x00820000         0x00000400         rw !x
lock             0x00830000         0x00000400         rw !x
signature        0x00840000         0x00000400         rw !x
*default*        0x00000000         0xffffffff

Linker script and memory map

LOAD c:/programme/winavr-20090313/bin/../lib/gcc/avr/4.3.2/../../../../avr/lib/avr25/crttn84.o
LOAD BlowerRamping.o
LOAD c:/programme/winavr-20090313/bin/../lib/gcc/avr/4.3.2/avr25\libgcc.a
LOAD c:/programme/winavr-20090313/bin/../lib/gcc/avr/4.3.2/../../../../avr/lib/avr25\libc.a
LOAD c:/programme/winavr-20090313/bin/../lib/gcc/avr/4.3.2/avr25\libgcc.a

.hash
 *(.hash)

.dynsym
 *(.dynsym)

.dynstr
 *(.dynstr)

.gnu.version
 *(.gnu.version)

.gnu.version_d
 *(.gnu.version_d)

.gnu.version_r
 *(.gnu.version_r)

.rel.init
 *(.rel.init)

.rela.init
 *(.rela.init)

.rel.text
 *(.rel.text)
 *(.rel.text.*)
 *(.rel.gnu.linkonce.t*)

.rela.text
 *(.rela.text)
 *(.rela.text.*)
 *(.rela.gnu.linkonce.t*)

.rel.fini
 *(.rel.fini)

.rela.fini
 *(.rela.fini)

.rel.rodata
 *(.rel.rodata)
 *(.rel.rodata.*)
 *(.rel.gnu.linkonce.r*)

.rela.rodata
 *(.rela.rodata)
 *(.rela.rodata.*)
 *(.rela.gnu.linkonce.r*)

.rel.data
 *(.rel.data)
 *(.rel.data.*)
 *(.rel.gnu.linkonce.d*)

.rela.data
 *(.rela.data)
 *(.rela.data.*)
 *(.rela.gnu.linkonce.d*)

.rel.ctors
 *(.rel.ctors)

.rela.ctors
 *(.rela.ctors)

.rel.dtors
 *(.rel.dtors)

.rela.dtors
 *(.rela.dtors)

.rel.got
 *(.rel.got)

.rela.got
 *(.rela.got)

.rel.bss
 *(.rel.bss)

.rela.bss
 *(.rela.bss)

.rel.plt
 *(.rel.plt)

.rela.plt
 *(.rela.plt)

.text           0x00000000      0x2b6
 *(.vectors)
 .vectors       0x00000000       0x22 c:/programme/winavr-20090313/bin/../lib/gcc/avr/4.3.2/../../../../avr/lib/avr25/crttn84.o
                0x00000000                __vectors
                0x00000000                __vector_default
 *(.vectors)
 *(.progmem.gcc*)
 *(.progmem*)
                0x00000022                . = ALIGN (0x2)
                0x00000022                __trampolines_start = .
 *(.trampolines)
 .trampolines   0x00000022        0x0 linker stubs
 *(.trampolines*)
                0x00000022                __trampolines_end = .
 *(.jumptables)
 *(.jumptables*)
 *(.lowtext)
 *(.lowtext*)
                0x00000022                __ctors_start = .
 *(.ctors)
                0x00000022                __ctors_end = .
                0x00000022                __dtors_start = .
 *(.dtors)
                0x00000022                __dtors_end = .
 SORT(*)(.ctors)
 SORT(*)(.dtors)
 *(.init0)
 .init0         0x00000022        0x0 c:/programme/winavr-20090313/bin/../lib/gcc/avr/4.3.2/../../../../avr/lib/avr25/crttn84.o
                0x00000022                __init
 *(.init0)
 *(.init1)
 *(.init1)
 *(.init2)
 .init2         0x00000022        0xc c:/programme/winavr-20090313/bin/../lib/gcc/avr/4.3.2/../../../../avr/lib/avr25/crttn84.o
 *(.init2)
 *(.init3)
 *(.init3)
 *(.init4)
 .init4         0x0000002e       0x16 c:/programme/winavr-20090313/bin/../lib/gcc/avr/4.3.2/avr25\libgcc.a(_copy_data.o)
                0x0000002e                __do_copy_data
 .init4         0x00000044       0x10 c:/programme/winavr-20090313/bin/../lib/gcc/avr/4.3.2/avr25\libgcc.a(_clear_bss.o)
                0x00000044                __do_clear_bss
 *(.init4)
 *(.init5)
 *(.init5)
 *(.init6)
 *(.init6)
 *(.init7)
 *(.init7)
 *(.init8)
 *(.init8)
 *(.init9)
 .init9         0x00000054        0x4 c:/programme/winavr-20090313/bin/../lib/gcc/avr/4.3.2/../../../../avr/lib/avr25/crttn84.o
 *(.init9)
 *(.text)
 .text          0x00000058        0x2 c:/programme/winavr-20090313/bin/../lib/gcc/avr/4.3.2/../../../../avr/lib/avr25/crttn84.o
                0x00000058                __vector_1
                0x00000058                __vector_12
                0x00000058                __bad_interrupt
                0x00000058                __vector_3
                0x00000058                __vector_11
                0x00000058                __vector_7
                0x00000058                __vector_5
                0x00000058                __vector_4
                0x00000058                __vector_9
                0x00000058                __vector_2
                0x00000058                __vector_15
                0x00000058                __vector_8
                0x00000058                __vector_14
                0x00000058                __vector_10
                0x00000058                __vector_16
 .text          0x0000005a      0x230 BlowerRamping.o
                0x00000218                __vector_6
                0x0000005a                InitHardware
                0x0000019c                DebounceKeys
                0x000000e4                __vector_13
                0x000000de                main
                0x000000ac                InitTimer1CompareAInt
 .text          0x0000028a        0x0 c:/programme/winavr-20090313/bin/../lib/gcc/avr/4.3.2/avr25\libgcc.a(_udivmodhi4.o)
 .text          0x0000028a        0x0 c:/programme/winavr-20090313/bin/../lib/gcc/avr/4.3.2/avr25\libgcc.a(_exit.o)
 .text          0x0000028a        0x0 c:/programme/winavr-20090313/bin/../lib/gcc/avr/4.3.2/avr25\libgcc.a(_copy_data.o)
 .text          0x0000028a        0x0 c:/programme/winavr-20090313/bin/../lib/gcc/avr/4.3.2/avr25\libgcc.a(_clear_bss.o)
                0x0000028a                . = ALIGN (0x2)
 *(.text.*)
 .text.libgcc   0x0000028a       0x28 c:/programme/winavr-20090313/bin/../lib/gcc/avr/4.3.2/avr25\libgcc.a(_udivmodhi4.o)
                0x0000028a                __udivmodhi4
 .text.libgcc   0x000002b2        0x0 c:/programme/winavr-20090313/bin/../lib/gcc/avr/4.3.2/avr25\libgcc.a(_exit.o)
 .text.libgcc   0x000002b2        0x0 c:/programme/winavr-20090313/bin/../lib/gcc/avr/4.3.2/avr25\libgcc.a(_copy_data.o)
 .text.libgcc   0x000002b2        0x0 c:/programme/winavr-20090313/bin/../lib/gcc/avr/4.3.2/avr25\libgcc.a(_clear_bss.o)
                0x000002b2                . = ALIGN (0x2)
 *(.fini9)
 .fini9         0x000002b2        0x0 c:/programme/winavr-20090313/bin/../lib/gcc/avr/4.3.2/avr25\libgcc.a(_exit.o)
                0x000002b2                exit
                0x000002b2                _exit
 *(.fini9)
 *(.fini8)
 *(.fini8)
 *(.fini7)
 *(.fini7)
 *(.fini6)
 *(.fini6)
 *(.fini5)
 *(.fini5)
 *(.fini4)
 *(.fini4)
 *(.fini3)
 *(.fini3)
 *(.fini2)
 *(.fini2)
 *(.fini1)
 *(.fini1)
 *(.fini0)
 .fini0         0x000002b2        0x4 c:/programme/winavr-20090313/bin/../lib/gcc/avr/4.3.2/avr25\libgcc.a(_exit.o)
 *(.fini0)
                0x000002b6                _etext = .

.data           0x00800060        0x2 load address 0x000002b6
                0x00800060                PROVIDE (__data_start, .)
 *(.data)
 .data          0x00800060        0x0 c:/programme/winavr-20090313/bin/../lib/gcc/avr/4.3.2/../../../../avr/lib/avr25/crttn84.o
 .data          0x00800060        0x2 BlowerRamping.o
 .data          0x00800062        0x0 c:/programme/winavr-20090313/bin/../lib/gcc/avr/4.3.2/avr25\libgcc.a(_udivmodhi4.o)
 .data          0x00800062        0x0 c:/programme/winavr-20090313/bin/../lib/gcc/avr/4.3.2/avr25\libgcc.a(_exit.o)
 .data          0x00800062        0x0 c:/programme/winavr-20090313/bin/../lib/gcc/avr/4.3.2/avr25\libgcc.a(_copy_data.o)
 .data          0x00800062        0x0 c:/programme/winavr-20090313/bin/../lib/gcc/avr/4.3.2/avr25\libgcc.a(_clear_bss.o)
 *(.data*)
 *(.rodata)
 *(.rodata*)
 *(.gnu.linkonce.d*)
                0x00800062                . = ALIGN (0x2)
                0x00800062                _edata = .
                0x00800062                PROVIDE (__data_end, .)

.bss            0x00800062       0x16
                0x00800062                PROVIDE (__bss_start, .)
 *(.bss)
 .bss           0x00800062        0x0 c:/programme/winavr-20090313/bin/../lib/gcc/avr/4.3.2/../../../../avr/lib/avr25/crttn84.o
 .bss           0x00800062        0x1 BlowerRamping.o
 .bss           0x00800063        0x0 c:/programme/winavr-20090313/bin/../lib/gcc/avr/4.3.2/avr25\libgcc.a(_udivmodhi4.o)
 .bss           0x00800063        0x0 c:/programme/winavr-20090313/bin/../lib/gcc/avr/4.3.2/avr25\libgcc.a(_exit.o)
 .bss           0x00800063        0x0 c:/programme/winavr-20090313/bin/../lib/gcc/avr/4.3.2/avr25\libgcc.a(_copy_data.o)
 .bss           0x00800063        0x0 c:/programme/winavr-20090313/bin/../lib/gcc/avr/4.3.2/avr25\libgcc.a(_clear_bss.o)
 *(.bss*)
 *(COMMON)
 COMMON         0x00800063       0x15 BlowerRamping.o
                0x00800063                aRunningAverageBuffer
                0x00800077                ucADCMeanValue
                0x00800078                PROVIDE (__bss_end, .)
                0x000002b6                __data_load_start = LOADADDR (.data)
                0x000002b8                __data_load_end = (__data_load_start + SIZEOF (.data))

.noinit         0x00800078        0x0
                0x00800078                PROVIDE (__noinit_start, .)
 *(.noinit*)
                0x00800078                PROVIDE (__noinit_end, .)
                0x00800078                _end = .
                0x00800078                PROVIDE (__heap_start, .)

.eeprom         0x00810000        0x0
 *(.eeprom*)
                0x00810000                __eeprom_end = .

.fuse
 *(.fuse)
 *(.lfuse)
 *(.hfuse)
 *(.efuse)

.lock
 *(.lock*)

.signature
 *(.signature*)

.stab
 *(.stab)

.stabstr
 *(.stabstr)

.stab.excl
 *(.stab.excl)

.stab.exclstr
 *(.stab.exclstr)

.stab.index
 *(.stab.index)

.stab.indexstr
 *(.stab.indexstr)

.comment
 *(.comment)

.debug
 *(.debug)

.line
 *(.line)

.debug_srcinfo
 *(.debug_srcinfo)

.debug_sfnames
 *(.debug_sfnames)

.debug_aranges  0x00000000       0x20
 *(.debug_aranges)
 .debug_aranges
                0x00000000       0x20 BlowerRamping.o

.debug_pubnames
                0x00000000       0xa3
 *(.debug_pubnames)
 .debug_pubnames
                0x00000000       0xa3 BlowerRamping.o

.debug_info     0x00000000      0x1d3
 *(.debug_info)
 .debug_info    0x00000000      0x1d3 BlowerRamping.o
 *(.gnu.linkonce.wi.*)

.debug_abbrev   0x00000000       0xc9
 *(.debug_abbrev)
 .debug_abbrev  0x00000000       0xc9 BlowerRamping.o

.debug_line     0x00000000      0x23c
 *(.debug_line)
 .debug_line    0x00000000      0x23c BlowerRamping.o

.debug_frame    0x00000000       0x70
 *(.debug_frame)
 .debug_frame   0x00000000       0x70 BlowerRamping.o

.debug_str      0x00000000      0x169
 *(.debug_str)
 .debug_str     0x00000000      0x169 BlowerRamping.o
                                0x19d (size before relaxing)

.debug_loc      0x00000000       0xeb
 *(.debug_loc)
 .debug_loc     0x00000000       0xeb BlowerRamping.o

.debug_macinfo
 *(.debug_macinfo)
OUTPUT(BlowerRamping.elf elf32-avr)
LOAD linker stubs
